[ 2026-10-06 13:10:29,487] 23 root - INFO - Entered the data ingestion method or component
[ 2026-10-06 13:10:29,491] 26 root - INFO - Read the dataset as dataframe
[ 2026-10-06 13:10:29,495] 30 root - INFO - Raw data is saved
[ 2026-10-06 13:10:29,503] 35 root - INFO - Ingestion of the data is completed
[ 2026-10-06 13:10:29,506] 75 root - INFO - Read train and test data completed
[ 2026-10-06 13:10:29,508] 76 root - INFO - Train Dataframe Head: 
   gender race/ethnicity parental level of education         lunch test preparation course  math score  reading score  writing score
0  female        group D             master's degree      standard                    none          62             70             75
1  female        group C           bachelor's degree  free/reduced               completed          66             83             83
2  female        group D                some college  free/reduced                    none          79             89             86
3    male        group C             master's degree  free/reduced                    none          61             67             66
4    male        group E                 high school      standard                    none          73             64             57
[ 2026-10-06 13:10:29,510] 77 root - INFO - Test Dataframe Head: 
   gender race/ethnicity parental level of education         lunch test preparation course  math score  reading score  writing score
0  female        group C          associate's degree      standard                    none          91             86             84
1  female        group B                some college  free/reduced               completed          53             66             73
2    male        group D           bachelor's degree      standard                    none          80             73             72
3    male        group C                some college  free/reduced                    none          74             77             73
4    male        group E                some college      standard               completed          84             83             78
[ 2026-10-06 13:10:29,510] 79 root - INFO - Obtaining preprocessing object
[ 2026-10-06 13:10:29,510] 55 root - INFO - Categorical columns: ['gender', 'race_ethnicity', 'parental_level_of_education', 'lunch', 'test_preparation_course']
[ 2026-10-06 13:10:29,510] 56 root - INFO - Numerical columns: ['writing score', 'reading score']
[ 2026-10-06 13:10:29,511] 91 root - INFO - Applying preprocessing object on training dataframe and testing dataframe.
